host gpuhost015.jc.rl.ac.uk | CUDA ok | Sun  9 Aug 14:46:44 BST 2026
resume auto: fresh start
target=delta | pooled std 0.7407 | mean +0.0619 | E[target^2] train 0.5525 val 0.5604
  per shard: [+15min sd 0.5800 E[t^2] 0.3395, +30min sd 0.7073 E[t^2] 0.5038, +45min sd 0.7921 E[t^2] 0.6314, +60min sd 0.8546 E[t^2] 0.7352]
diagnostics: 64 fixed val crops (rows 0..53123)
device=cuda | R_phi 65.7M params | cond=full (20ch) -> 4ch | latent_scale=0.784
train rows 613892 | val rows 53124 | 9592 steps/epoch (batch 64)
data-path check: batch E[target^2] 0.3818 vs pack meta 0.5604 (ratio 0.681) | untrained MSE 0.3818 -> EV +0.0000 (must be ~0.000 on a fresh start)
  ep1 step 200/9592 | mse 0.4977 (win 0.4977) | EV 0.099 (win 0.099) | lr 1.99e-05 | gn 1.23 | 304 img/s
  ep1 step 400/9592 | mse 0.4595 (win 0.4213) | EV 0.168 (win 0.237) | lr 3.99e-05 | gn 1.05 | 314 img/s
  ep1 step 600/9592 | mse 0.4327 (win 0.3791) | EV 0.217 (win 0.314) | lr 5.99e-05 | gn 0.97 | 318 img/s
  ep1 step 800/9592 | mse 0.4125 (win 0.3517) | EV 0.253 (win 0.363) | lr 7.99e-05 | gn 0.92 | 320 img/s
  ep1 step 1000/9592 | mse 0.3987 (win 0.3437) | EV 0.278 (win 0.378) | lr 9.99e-05 | gn 0.88 | 321 img/s
  ep1 step 1200/9592 | mse 0.3881 (win 0.3352) | EV 0.297 (win 0.393) | lr 1.00e-04 | gn 0.84 | 322 img/s
  ep1 step 1400/9592 | mse 0.3803 (win 0.3335) | EV 0.312 (win 0.396) | lr 1.00e-04 | gn 0.81 | 322 img/s
  ep1 step 1600/9592 | mse 0.3739 (win 0.3286) | EV 0.323 (win 0.405) | lr 1.00e-04 | gn 0.78 | 323 img/s
  ep1 step 1800/9592 | mse 0.3689 (win 0.3295) | EV 0.332 (win 0.404) | lr 1.00e-04 | gn 0.76 | 323 img/s
  ep1 step 2000/9592 | mse 0.3646 (win 0.3260) | EV 0.340 (win 0.410) | lr 1.00e-04 | gn 0.74 | 323 img/s
  ep1 step 2200/9592 | mse 0.3609 (win 0.3234) | EV 0.347 (win 0.415) | lr 9.99e-05 | gn 0.72 | 323 img/s
  ep1 step 2400/9592 | mse 0.3576 (win 0.3216) | EV 0.353 (win 0.418) | lr 9.99e-05 | gn 0.70 | 324 img/s
  ep1 step 2600/9592 | mse 0.3548 (win 0.3216) | EV 0.358 (win 0.418) | lr 9.99e-05 | gn 0.68 | 324 img/s
  ep1 step 2800/9592 | mse 0.3523 (win 0.3194) | EV 0.362 (win 0.422) | lr 9.99e-05 | gn 0.67 | 324 img/s
  ep1 step 3000/9592 | mse 0.3503 (win 0.3217) | EV 0.366 (win 0.418) | lr 9.98e-05 | gn 0.66 | 324 img/s
  ep1 step 3200/9592 | mse 0.3482 (win 0.3174) | EV 0.370 (win 0.426) | lr 9.98e-05 | gn 0.64 | 324 img/s
  ep1 step 3400/9592 | mse 0.3465 (win 0.3197) | EV 0.373 (win 0.421) | lr 9.98e-05 | gn 0.63 | 324 img/s
  ep1 step 3600/9592 | mse 0.3449 (win 0.3175) | EV 0.376 (win 0.425) | lr 9.97e-05 | gn 0.62 | 324 img/s
  ep1 step 3800/9592 | mse 0.3433 (win 0.3134) | EV 0.379 (win 0.433) | lr 9.97e-05 | gn 0.61 | 324 img/s
  ep1 step 4000/9592 | mse 0.3419 (win 0.3169) | EV 0.381 (win 0.426) | lr 9.96e-05 | gn 0.60 | 324 img/s
  ep1 step 4200/9592 | mse 0.3406 (win 0.3139) | EV 0.384 (win 0.432) | lr 9.96e-05 | gn 0.59 | 324 img/s
  ep1 step 4400/9592 | mse 0.3393 (win 0.3118) | EV 0.386 (win 0.436) | lr 9.95e-05 | gn 0.58 | 324 img/s
  ep1 step 4600/9592 | mse 0.3381 (win 0.3107) | EV 0.388 (win 0.438) | lr 9.94e-05 | gn 0.58 | 325 img/s
  ep1 step 4800/9592 | mse 0.3369 (win 0.3109) | EV 0.390 (win 0.437) | lr 9.94e-05 | gn 0.57 | 325 img/s
  ep1 step 5000/9592 | mse 0.3360 (win 0.3131) | EV 0.392 (win 0.433) | lr 9.93e-05 | gn 0.56 | 325 img/s
  ABORT-A (PASS) at step 5000: windowed train EV 0.4334 against threshold 0.010. Continue.
  ep1 step 5200/9592 | mse 0.3350 (win 0.3111) | EV 0.394 (win 0.437) | lr 9.92e-05 | gn 0.56 | 325 img/s
  ep1 step 5400/9592 | mse 0.3341 (win 0.3110) | EV 0.395 (win 0.437) | lr 9.92e-05 | gn 0.55 | 325 img/s
  ep1 step 5600/9592 | mse 0.3333 (win 0.3119) | EV 0.397 (win 0.435) | lr 9.91e-05 | gn 0.54 | 325 img/s
  ep1 step 5800/9592 | mse 0.3325 (win 0.3106) | EV 0.398 (win 0.438) | lr 9.90e-05 | gn 0.54 | 325 img/s
  ep1 step 6000/9592 | mse 0.3317 (win 0.3084) | EV 0.400 (win 0.442) | lr 9.89e-05 | gn 0.53 | 325 img/s
  ep1 step 6200/9592 | mse 0.3311 (win 0.3112) | EV 0.401 (win 0.437) | lr 9.88e-05 | gn 0.53 | 325 img/s
  ep1 step 6400/9592 | mse 0.3304 (win 0.3085) | EV 0.402 (win 0.442) | lr 9.88e-05 | gn 0.52 | 325 img/s
  ep1 step 6600/9592 | mse 0.3298 (win 0.3115) | EV 0.403 (win 0.436) | lr 9.87e-05 | gn 0.52 | 325 img/s
  ep1 step 6800/9592 | mse 0.3292 (win 0.3086) | EV 0.404 (win 0.441) | lr 9.86e-05 | gn 0.52 | 325 img/s
  ep1 step 7000/9592 | mse 0.3285 (win 0.3064) | EV 0.405 (win 0.446) | lr 9.85e-05 | gn 0.51 | 325 img/s
  ep1 step 7200/9592 | mse 0.3280 (win 0.3105) | EV 0.406 (win 0.438) | lr 9.84e-05 | gn 0.51 | 325 img/s
  ep1 step 7400/9592 | mse 0.3274 (win 0.3039) | EV 0.407 (win 0.450) | lr 9.82e-05 | gn 0.50 | 325 img/s
  ep1 step 7600/9592 | mse 0.3268 (win 0.3069) | EV 0.408 (win 0.445) | lr 9.81e-05 | gn 0.50 | 325 img/s
  ep1 step 7800/9592 | mse 0.3263 (win 0.3066) | EV 0.409 (win 0.445) | lr 9.80e-05 | gn 0.50 | 325 img/s
  ep1 step 8000/9592 | mse 0.3258 (win 0.3058) | EV 0.410 (win 0.447) | lr 9.79e-05 | gn 0.49 | 325 img/s
  ep1 step 8200/9592 | mse 0.3253 (win 0.3049) | EV 0.411 (win 0.448) | lr 9.78e-05 | gn 0.49 | 325 img/s
  ep1 step 8400/9592 | mse 0.3247 (win 0.3019) | EV 0.412 (win 0.454) | lr 9.77e-05 | gn 0.49 | 325 img/s
  ep1 step 8600/9592 | mse 0.3242 (win 0.3037) | EV 0.413 (win 0.450) | lr 9.75e-05 | gn 0.48 | 325 img/s
  ep1 step 8800/9592 | mse 0.3238 (win 0.3050) | EV 0.414 (win 0.448) | lr 9.74e-05 | gn 0.48 | 325 img/s
  ep1 step 9000/9592 | mse 0.3233 (win 0.3024) | EV 0.415 (win 0.453) | lr 9.73e-05 | gn 0.48 | 325 img/s
  ep1 step 9200/9592 | mse 0.3229 (win 0.3025) | EV 0.416 (win 0.452) | lr 9.71e-05 | gn 0.48 | 325 img/s
  ep1 step 9400/9592 | mse 0.3225 (win 0.3033) | EV 0.416 (win 0.451) | lr 9.70e-05 | gn 0.47 | 325 img/s
epoch   1/8 | train mse 0.32210 (EV 0.4170) | val mse 0.30758 (EV 0.4511) | 1889s | 325 img/s | GPU 14.1 GB
  val EV per lead: +15min 0.4130, +30min 0.4431, +45min 0.4575, +60min 0.4682
  ABORT-B (PASS) after epoch 1: val EV 0.4511 against threshold 0.020
    vs ridge gate: +15min UNet 0.4130 vs ridge 0.2902 (PASS); +30min UNet 0.4431 vs ridge 0.3166 (PASS); +45min UNet 0.4575 vs ridge 0.3345 (PASS); +60min UNet 0.4682 vs ridge 0.3468 (PASS)
    A 65.7M-parameter nonlinear UNet that after a full epoch cannot beat a closed-form linear filter has a TRAINING problem, not a data problem.
  new best (val MSE 0.30758, EV 0.4511) -> reg_best.pt
  ep2 step 200/9592 | mse 0.3020 (win 0.3020) | EV 0.453 (win 0.453) | lr 9.67e-05 | gn 0.34 | 323 img/s
  ep2 step 400/9592 | mse 0.3027 (win 0.3033) | EV 0.452 (win 0.451) | lr 9.66e-05 | gn 0.33 | 325 img/s
  ep2 step 600/9592 | mse 0.3026 (win 0.3024) | EV 0.452 (win 0.453) | lr 9.64e-05 | gn 0.34 | 325 img/s
  ep2 step 800/9592 | mse 0.3022 (win 0.3009) | EV 0.453 (win 0.455) | lr 9.63e-05 | gn 0.34 | 325 img/s
  ep2 step 1000/9592 | mse 0.3020 (win 0.3014) | EV 0.453 (win 0.455) | lr 9.61e-05 | gn 0.34 | 325 img/s
  ep2 step 1200/9592 | mse 0.3021 (win 0.3023) | EV 0.453 (win 0.453) | lr 9.59e-05 | gn 0.34 | 325 img/s
  ep2 step 1400/9592 | mse 0.3019 (win 0.3012) | EV 0.453 (win 0.455) | lr 9.58e-05 | gn 0.34 | 325 img/s
  ep2 step 1600/9592 | mse 0.3019 (win 0.3013) | EV 0.454 (win 0.455) | lr 9.56e-05 | gn 0.34 | 325 img/s
  ep2 step 1800/9592 | mse 0.3018 (win 0.3017) | EV 0.454 (win 0.454) | lr 9.54e-05 | gn 0.34 | 325 img/s
  ep2 step 2000/9592 | mse 0.3019 (win 0.3024) | EV 0.454 (win 0.453) | lr 9.53e-05 | gn 0.34 | 325 img/s
  ep2 step 2200/9592 | mse 0.3017 (win 0.3001) | EV 0.454 (win 0.457) | lr 9.51e-05 | gn 0.33 | 325 img/s
  ep2 step 2400/9592 | mse 0.3015 (win 0.2993) | EV 0.454 (win 0.458) | lr 9.49e-05 | gn 0.33 | 325 img/s
  ep2 step 2600/9592 | mse 0.3015 (win 0.3016) | EV 0.454 (win 0.454) | lr 9.47e-05 | gn 0.33 | 325 img/s
  ep2 step 2800/9592 | mse 0.3014 (win 0.2992) | EV 0.455 (win 0.458) | lr 9.45e-05 | gn 0.33 | 325 img/s
  ep2 step 3000/9592 | mse 0.3012 (win 0.2983) | EV 0.455 (win 0.460) | lr 9.43e-05 | gn 0.33 | 325 img/s
  ep2 step 3200/9592 | mse 0.3010 (win 0.2984) | EV 0.455 (win 0.460) | lr 9.41e-05 | gn 0.33 | 325 img/s
  ep2 step 3400/9592 | mse 0.3007 (win 0.2956) | EV 0.456 (win 0.465) | lr 9.39e-05 | gn 0.33 | 325 img/s
  ep2 step 3600/9592 | mse 0.3006 (win 0.2987) | EV 0.456 (win 0.459) | lr 9.37e-05 | gn 0.33 | 326 img/s
  ep2 step 3800/9592 | mse 0.3004 (win 0.2977) | EV 0.456 (win 0.461) | lr 9.35e-05 | gn 0.33 | 326 img/s
  ep2 step 4000/9592 | mse 0.3003 (win 0.2978) | EV 0.456 (win 0.461) | lr 9.33e-05 | gn 0.33 | 326 img/s
  ep2 step 4200/9592 | mse 0.3001 (win 0.2968) | EV 0.457 (win 0.463) | lr 9.31e-05 | gn 0.33 | 326 img/s
  ep2 step 4400/9592 | mse 0.3000 (win 0.2973) | EV 0.457 (win 0.462) | lr 9.29e-05 | gn 0.33 | 326 img/s
  ep2 step 4600/9592 | mse 0.2999 (win 0.2986) | EV 0.457 (win 0.460) | lr 9.27e-05 | gn 0.33 | 326 img/s
  ep2 step 4800/9592 | mse 0.2998 (win 0.2979) | EV 0.457 (win 0.461) | lr 9.25e-05 | gn 0.33 | 326 img/s
  ep2 step 5000/9592 | mse 0.2998 (win 0.2974) | EV 0.457 (win 0.462) | lr 9.23e-05 | gn 0.33 | 326 img/s
  ep2 step 5200/9592 | mse 0.2996 (win 0.2971) | EV 0.458 (win 0.462) | lr 9.20e-05 | gn 0.33 | 326 img/s
  ep2 step 5400/9592 | mse 0.2995 (win 0.2948) | EV 0.458 (win 0.466) | lr 9.18e-05 | gn 0.33 | 326 img/s
  ep2 step 5600/9592 | mse 0.2994 (win 0.2968) | EV 0.458 (win 0.463) | lr 9.16e-05 | gn 0.33 | 326 img/s
  ep2 step 5800/9592 | mse 0.2993 (win 0.2985) | EV 0.458 (win 0.460) | lr 9.14e-05 | gn 0.33 | 326 img/s
  ep2 step 6000/9592 | mse 0.2992 (win 0.2962) | EV 0.458 (win 0.464) | lr 9.11e-05 | gn 0.33 | 326 img/s
  ep2 step 6200/9592 | mse 0.2991 (win 0.2962) | EV 0.459 (win 0.464) | lr 9.09e-05 | gn 0.33 | 326 img/s
  ep2 step 6400/9592 | mse 0.2991 (win 0.2989) | EV 0.459 (win 0.459) | lr 9.06e-05 | gn 0.33 | 326 img/s
  ep2 step 6600/9592 | mse 0.2990 (win 0.2952) | EV 0.459 (win 0.466) | lr 9.04e-05 | gn 0.33 | 326 img/s
  ep2 step 6800/9592 | mse 0.2989 (win 0.2964) | EV 0.459 (win 0.463) | lr 9.02e-05 | gn 0.33 | 326 img/s
  ep2 step 7000/9592 | mse 0.2988 (win 0.2957) | EV 0.459 (win 0.465) | lr 8.99e-05 | gn 0.32 | 326 img/s
  ep2 step 7200/9592 | mse 0.2987 (win 0.2922) | EV 0.459 (win 0.471) | lr 8.97e-05 | gn 0.32 | 326 img/s
  ep2 step 7400/9592 | mse 0.2985 (win 0.2939) | EV 0.460 (win 0.468) | lr 8.94e-05 | gn 0.32 | 326 img/s
  ep2 step 7600/9592 | mse 0.2984 (win 0.2948) | EV 0.460 (win 0.466) | lr 8.91e-05 | gn 0.32 | 326 img/s
  ep2 step 7800/9592 | mse 0.2983 (win 0.2930) | EV 0.460 (win 0.470) | lr 8.89e-05 | gn 0.32 | 326 img/s
  ep2 step 8000/9592 | mse 0.2982 (win 0.2941) | EV 0.460 (win 0.468) | lr 8.86e-05 | gn 0.32 | 326 img/s
  ep2 step 8200/9592 | mse 0.2981 (win 0.2954) | EV 0.460 (win 0.465) | lr 8.84e-05 | gn 0.32 | 326 img/s
  ep2 step 8400/9592 | mse 0.2980 (win 0.2946) | EV 0.461 (win 0.467) | lr 8.81e-05 | gn 0.32 | 326 img/s
  ep2 step 8600/9592 | mse 0.2979 (win 0.2934) | EV 0.461 (win 0.469) | lr 8.78e-05 | gn 0.32 | 326 img/s
  ep2 step 8800/9592 | mse 0.2978 (win 0.2929) | EV 0.461 (win 0.470) | lr 8.75e-05 | gn 0.32 | 326 img/s
  ep2 step 9000/9592 | mse 0.2977 (win 0.2912) | EV 0.461 (win 0.473) | lr 8.73e-05 | gn 0.32 | 326 img/s
  ep2 step 9200/9592 | mse 0.2976 (win 0.2935) | EV 0.461 (win 0.469) | lr 8.70e-05 | gn 0.32 | 326 img/s
  ep2 step 9400/9592 | mse 0.2975 (win 0.2920) | EV 0.462 (win 0.471) | lr 8.67e-05 | gn 0.32 | 326 img/s
epoch   2/8 | train mse 0.29738 (EV 0.4618) | val mse 0.30206 (EV 0.4610) | 1886s | 326 img/s | GPU 14.1 GB
  val EV per lead: +15min 0.4253, +30min 0.4533, +45min 0.4669, +60min 0.4771
  decoded: MAE 0.176 (adv 0.238) | CSI@1 0.472 (adv 0.407) | CSI@8 0.024 (adv 0.059) | PSD 2-8km band power 0.08 (adv 1.12)
  new best (val MSE 0.30206, EV 0.4610) -> reg_best.pt
  ep3 step 200/9592 | mse 0.2898 (win 0.2898) | EV 0.475 (win 0.475) | lr 8.62e-05 | gn 0.28 | 324 img/s
  ep3 step 400/9592 | mse 0.2895 (win 0.2892) | EV 0.476 (win 0.476) | lr 8.59e-05 | gn 0.28 | 324 img/s
  ep3 step 600/9592 | mse 0.2903 (win 0.2918) | EV 0.475 (win 0.472) | lr 8.56e-05 | gn 0.29 | 325 img/s
  ep3 step 800/9592 | mse 0.2905 (win 0.2910) | EV 0.474 (win 0.473) | lr 8.53e-05 | gn 0.30 | 325 img/s
  ep3 step 1000/9592 | mse 0.2901 (win 0.2887) | EV 0.475 (win 0.478) | lr 8.50e-05 | gn 0.29 | 325 img/s
  ep3 step 1200/9592 | mse 0.2902 (win 0.2906) | EV 0.475 (win 0.474) | lr 8.47e-05 | gn 0.28 | 325 img/s
  ep3 step 1400/9592 | mse 0.2897 (win 0.2872) | EV 0.476 (win 0.480) | lr 8.44e-05 | gn 0.29 | 325 img/s
  ep3 step 1600/9592 | mse 0.2898 (win 0.2899) | EV 0.476 (win 0.475) | lr 8.41e-05 | gn 0.29 | 325 img/s
  ep3 step 1800/9592 | mse 0.2895 (win 0.2873) | EV 0.476 (win 0.480) | lr 8.38e-05 | gn 0.29 | 325 img/s
  ep3 step 2000/9592 | mse 0.2893 (win 0.2877) | EV 0.476 (win 0.479) | lr 8.35e-05 | gn 0.28 | 325 img/s
  ep3 step 2200/9592 | mse 0.2894 (win 0.2901) | EV 0.476 (win 0.475) | lr 8.32e-05 | gn 0.28 | 325 img/s
  ep3 step 2400/9592 | mse 0.2893 (win 0.2884) | EV 0.476 (win 0.478) | lr 8.29e-05 | gn 0.28 | 325 img/s
  ep3 step 2600/9592 | mse 0.2892 (win 0.2884) | EV 0.477 (win 0.478) | lr 8.25e-05 | gn 0.28 | 325 img/s
  ep3 step 2800/9592 | mse 0.2891 (win 0.2879) | EV 0.477 (win 0.479) | lr 8.22e-05 | gn 0.28 | 325 img/s
  ep3 step 3000/9592 | mse 0.2890 (win 0.2870) | EV 0.477 (win 0.481) | lr 8.19e-05 | gn 0.28 | 325 img/s
  ep3 step 3200/9592 | mse 0.2888 (win 0.2856) | EV 0.477 (win 0.483) | lr 8.16e-05 | gn 0.28 | 325 img/s
  ep3 step 3400/9592 | mse 0.2886 (win 0.2854) | EV 0.478 (win 0.483) | lr 8.13e-05 | gn 0.28 | 325 img/s
  ep3 step 3600/9592 | mse 0.2885 (win 0.2865) | EV 0.478 (win 0.481) | lr 8.09e-05 | gn 0.28 | 325 img/s
  ep3 step 3800/9592 | mse 0.2884 (win 0.2873) | EV 0.478 (win 0.480) | lr 8.06e-05 | gn 0.28 | 325 img/s
  ep3 step 4000/9592 | mse 0.2883 (win 0.2863) | EV 0.478 (win 0.482) | lr 8.03e-05 | gn 0.28 | 325 img/s
  ep3 step 4200/9592 | mse 0.2884 (win 0.2901) | EV 0.478 (win 0.475) | lr 8.00e-05 | gn 0.28 | 325 img/s
  ep3 step 4400/9592 | mse 0.2884 (win 0.2880) | EV 0.478 (win 0.479) | lr 7.96e-05 | gn 0.28 | 325 img/s
  ep3 step 4600/9592 | mse 0.2883 (win 0.2877) | EV 0.478 (win 0.479) | lr 7.93e-05 | gn 0.28 | 325 img/s
  ep3 step 4800/9592 | mse 0.2883 (win 0.2864) | EV 0.478 (win 0.482) | lr 7.89e-05 | gn 0.28 | 325 img/s
  ep3 step 5000/9592 | mse 0.2881 (win 0.2840) | EV 0.479 (win 0.486) | lr 7.86e-05 | gn 0.28 | 325 img/s
  ep3 step 5200/9592 | mse 0.2880 (win 0.2860) | EV 0.479 (win 0.482) | lr 7.83e-05 | gn 0.28 | 325 img/s
  ep3 step 5400/9592 | mse 0.2880 (win 0.2868) | EV 0.479 (win 0.481) | lr 7.79e-05 | gn 0.28 | 325 img/s
  ep3 step 5600/9592 | mse 0.2878 (win 0.2839) | EV 0.479 (win 0.486) | lr 7.76e-05 | gn 0.28 | 325 img/s
  ep3 step 5800/9592 | mse 0.2877 (win 0.2850) | EV 0.479 (win 0.484) | lr 7.72e-05 | gn 0.28 | 325 img/s
  ep3 step 6000/9592 | mse 0.2876 (win 0.2845) | EV 0.479 (win 0.485) | lr 7.69e-05 | gn 0.28 | 325 img/s
  ep3 step 6200/9592 | mse 0.2875 (win 0.2834) | EV 0.480 (win 0.487) | lr 7.65e-05 | gn 0.27 | 325 img/s
  ep3 step 6400/9592 | mse 0.2874 (win 0.2837) | EV 0.480 (win 0.487) | lr 7.62e-05 | gn 0.27 | 325 img/s
  ep3 step 6600/9592 | mse 0.2873 (win 0.2856) | EV 0.480 (win 0.483) | lr 7.58e-05 | gn 0.27 | 325 img/s
  ep3 step 6800/9592 | mse 0.2872 (win 0.2834) | EV 0.480 (win 0.487) | lr 7.55e-05 | gn 0.27 | 325 img/s
  ep3 step 7000/9592 | mse 0.2871 (win 0.2850) | EV 0.480 (win 0.484) | lr 7.51e-05 | gn 0.27 | 325 img/s
  ep3 step 7200/9592 | mse 0.2871 (win 0.2858) | EV 0.480 (win 0.483) | lr 7.48e-05 | gn 0.27 | 325 img/s
  ep3 step 7400/9592 | mse 0.2870 (win 0.2835) | EV 0.481 (win 0.487) | lr 7.44e-05 | gn 0.27 | 325 img/s
  ep3 step 7600/9592 | mse 0.2869 (win 0.2841) | EV 0.481 (win 0.486) | lr 7.40e-05 | gn 0.27 | 325 img/s
  ep3 step 7800/9592 | mse 0.2868 (win 0.2832) | EV 0.481 (win 0.487) | lr 7.37e-05 | gn 0.27 | 325 img/s
  ep3 step 8000/9592 | mse 0.2868 (win 0.2842) | EV 0.481 (win 0.486) | lr 7.33e-05 | gn 0.27 | 325 img/s
  ep3 step 8200/9592 | mse 0.2866 (win 0.2814) | EV 0.481 (win 0.491) | lr 7.29e-05 | gn 0.27 | 325 img/s
  ep3 step 8400/9592 | mse 0.2865 (win 0.2831) | EV 0.481 (win 0.488) | lr 7.26e-05 | gn 0.27 | 325 img/s
  ep3 step 8600/9592 | mse 0.2865 (win 0.2846) | EV 0.481 (win 0.485) | lr 7.22e-05 | gn 0.27 | 325 img/s
  ep3 step 8800/9592 | mse 0.2864 (win 0.2843) | EV 0.482 (win 0.485) | lr 7.18e-05 | gn 0.27 | 325 img/s
  ep3 step 9000/9592 | mse 0.2864 (win 0.2849) | EV 0.482 (win 0.484) | lr 7.14e-05 | gn 0.27 | 325 img/s
  ep3 step 9200/9592 | mse 0.2863 (win 0.2823) | EV 0.482 (win 0.489) | lr 7.11e-05 | gn 0.27 | 325 img/s
  ep3 step 9400/9592 | mse 0.2863 (win 0.2830) | EV 0.482 (win 0.488) | lr 7.07e-05 | gn 0.27 | 325 img/s
epoch   3/8 | train mse 0.28619 (EV 0.4820) | val mse 0.30216 (EV 0.4608) | 1886s | 325 img/s | GPU 14.1 GB
  val EV per lead: +15min 0.4296, +30min 0.4545, +45min 0.4659, +60min 0.4747
  ep4 step 200/9592 | mse 0.2766 (win 0.2766) | EV 0.499 (win 0.499) | lr 6.99e-05 | gn 0.26 | 324 img/s
  ep4 step 400/9592 | mse 0.2772 (win 0.2778) | EV 0.498 (win 0.497) | lr 6.96e-05 | gn 0.25 | 325 img/s
  ep4 step 600/9592 | mse 0.2769 (win 0.2761) | EV 0.499 (win 0.500) | lr 6.92e-05 | gn 0.25 | 325 img/s
  ep4 step 800/9592 | mse 0.2767 (win 0.2761) | EV 0.499 (win 0.500) | lr 6.88e-05 | gn 0.25 | 325 img/s
  ep4 step 1000/9592 | mse 0.2769 (win 0.2778) | EV 0.499 (win 0.497) | lr 6.84e-05 | gn 0.25 | 325 img/s
  ep4 step 1200/9592 | mse 0.2769 (win 0.2767) | EV 0.499 (win 0.499) | lr 6.80e-05 | gn 0.25 | 325 img/s
  ep4 step 1400/9592 | mse 0.2770 (win 0.2780) | EV 0.499 (win 0.497) | lr 6.76e-05 | gn 0.25 | 325 img/s
  ep4 step 1600/9592 | mse 0.2770 (win 0.2766) | EV 0.499 (win 0.499) | lr 6.73e-05 | gn 0.25 | 325 img/s
  ep4 step 1800/9592 | mse 0.2770 (win 0.2770) | EV 0.499 (win 0.499) | lr 6.69e-05 | gn 0.25 | 325 img/s
  ep4 step 2000/9592 | mse 0.2769 (win 0.2761) | EV 0.499 (win 0.500) | lr 6.65e-05 | gn 0.25 | 325 img/s
  ep4 step 2200/9592 | mse 0.2768 (win 0.2755) | EV 0.499 (win 0.501) | lr 6.61e-05 | gn 0.25 | 325 img/s
  ep4 step 2400/9592 | mse 0.2767 (win 0.2756) | EV 0.499 (win 0.501) | lr 6.57e-05 | gn 0.25 | 325 img/s
  ep4 step 2600/9592 | mse 0.2766 (win 0.2757) | EV 0.499 (win 0.501) | lr 6.53e-05 | gn 0.25 | 325 img/s
  ep4 step 2800/9592 | mse 0.2765 (win 0.2749) | EV 0.500 (win 0.502) | lr 6.49e-05 | gn 0.25 | 325 img/s
  ep4 step 3000/9592 | mse 0.2764 (win 0.2761) | EV 0.500 (win 0.500) | lr 6.45e-05 | gn 0.25 | 325 img/s
  ep4 step 3200/9592 | mse 0.2765 (win 0.2771) | EV 0.500 (win 0.498) | lr 6.41e-05 | gn 0.25 | 325 img/s
  ep4 step 3400/9592 | mse 0.2764 (win 0.2747) | EV 0.500 (win 0.503) | lr 6.37e-05 | gn 0.25 | 325 img/s
  ep4 step 3600/9592 | mse 0.2763 (win 0.2742) | EV 0.500 (win 0.504) | lr 6.33e-05 | gn 0.25 | 325 img/s
  ep4 step 3800/9592 | mse 0.2762 (win 0.2746) | EV 0.500 (win 0.503) | lr 6.29e-05 | gn 0.25 | 325 img/s
  ep4 step 4000/9592 | mse 0.2762 (win 0.2767) | EV 0.500 (win 0.499) | lr 6.25e-05 | gn 0.25 | 325 img/s
  ep4 step 4200/9592 | mse 0.2762 (win 0.2753) | EV 0.500 (win 0.502) | lr 6.21e-05 | gn 0.25 | 325 img/s
  ep4 step 4400/9592 | mse 0.2760 (win 0.2730) | EV 0.500 (win 0.506) | lr 6.17e-05 | gn 0.25 | 325 img/s
  ep4 step 4600/9592 | mse 0.2759 (win 0.2731) | EV 0.501 (win 0.506) | lr 6.13e-05 | gn 0.25 | 325 img/s
  ep4 step 4800/9592 | mse 0.2758 (win 0.2731) | EV 0.501 (win 0.506) | lr 6.09e-05 | gn 0.25 | 325 img/s
  ep4 step 5000/9592 | mse 0.2756 (win 0.2719) | EV 0.501 (win 0.508) | lr 6.05e-05 | gn 0.24 | 325 img/s
  ep4 step 5200/9592 | mse 0.2755 (win 0.2733) | EV 0.501 (win 0.505) | lr 6.01e-05 | gn 0.24 | 325 img/s
  ep4 step 5400/9592 | mse 0.2755 (win 0.2743) | EV 0.501 (win 0.504) | lr 5.97e-05 | gn 0.24 | 325 img/s
  ep4 step 5600/9592 | mse 0.2754 (win 0.2738) | EV 0.501 (win 0.504) | lr 5.93e-05 | gn 0.24 | 325 img/s
  ep4 step 5800/9592 | mse 0.2754 (win 0.2742) | EV 0.502 (win 0.504) | lr 5.89e-05 | gn 0.24 | 325 img/s
  ep4 step 6000/9592 | mse 0.2752 (win 0.2709) | EV 0.502 (win 0.510) | lr 5.84e-05 | gn 0.24 | 325 img/s
  ep4 step 6200/9592 | mse 0.2752 (win 0.2728) | EV 0.502 (win 0.506) | lr 5.80e-05 | gn 0.24 | 325 img/s
  ep4 step 6400/9592 | mse 0.2751 (win 0.2748) | EV 0.502 (win 0.503) | lr 5.76e-05 | gn 0.24 | 325 img/s
  ep4 step 6600/9592 | mse 0.2750 (win 0.2716) | EV 0.502 (win 0.508) | lr 5.72e-05 | gn 0.24 | 325 img/s
  ep4 step 6800/9592 | mse 0.2750 (win 0.2722) | EV 0.502 (win 0.507) | lr 5.68e-05 | gn 0.24 | 325 img/s
  ep4 step 7000/9592 | mse 0.2748 (win 0.2711) | EV 0.503 (win 0.509) | lr 5.64e-05 | gn 0.24 | 325 img/s
  ep4 step 7200/9592 | mse 0.2747 (win 0.2710) | EV 0.503 (win 0.509) | lr 5.60e-05 | gn 0.24 | 325 img/s
  ep4 step 7400/9592 | mse 0.2746 (win 0.2702) | EV 0.503 (win 0.511) | lr 5.56e-05 | gn 0.24 | 325 img/s
  ep4 step 7600/9592 | mse 0.2745 (win 0.2721) | EV 0.503 (win 0.508) | lr 5.52e-05 | gn 0.24 | 325 img/s
  ep4 step 7800/9592 | mse 0.2744 (win 0.2705) | EV 0.503 (win 0.510) | lr 5.47e-05 | gn 0.24 | 325 img/s
  ep4 step 8000/9592 | mse 0.2743 (win 0.2686) | EV 0.504 (win 0.514) | lr 5.43e-05 | gn 0.24 | 325 img/s
  ep4 step 8200/9592 | mse 0.2742 (win 0.2711) | EV 0.504 (win 0.509) | lr 5.39e-05 | gn 0.24 | 325 img/s
  ep4 step 8400/9592 | mse 0.2741 (win 0.2675) | EV 0.504 (win 0.516) | lr 5.35e-05 | gn 0.24 | 325 img/s
  ep4 step 8600/9592 | mse 0.2740 (win 0.2695) | EV 0.504 (win 0.512) | lr 5.31e-05 | gn 0.24 | 325 img/s
  ep4 step 8800/9592 | mse 0.2738 (win 0.2676) | EV 0.504 (win 0.516) | lr 5.27e-05 | gn 0.24 | 325 img/s
  ep4 step 9000/9592 | mse 0.2738 (win 0.2714) | EV 0.505 (win 0.509) | lr 5.23e-05 | gn 0.24 | 325 img/s
  ep4 step 9200/9592 | mse 0.2737 (win 0.2701) | EV 0.505 (win 0.511) | lr 5.19e-05 | gn 0.24 | 325 img/s
  ep4 step 9400/9592 | mse 0.2736 (win 0.2689) | EV 0.505 (win 0.513) | lr 5.14e-05 | gn 0.24 | 325 img/s
epoch   4/8 | train mse 0.27350 (EV 0.5050) | val mse 0.30525 (EV 0.4553) | 1886s | 326 img/s | GPU 14.1 GB
  val EV per lead: +15min 0.4309, +30min 0.4515, +45min 0.4590, +60min 0.4656
  decoded: MAE 0.175 (adv 0.238) | CSI@1 0.483 (adv 0.407) | CSI@8 0.028 (adv 0.059) | PSD 2-8km band power 0.08 (adv 1.12)
  ep5 step 200/9592 | mse 0.2632 (win 0.2632) | EV 0.524 (win 0.524) | lr 5.06e-05 | gn 0.21 | 324 img/s
  ep5 step 400/9592 | mse 0.2643 (win 0.2655) | EV 0.522 (win 0.519) | lr 5.02e-05 | gn 0.21 | 325 img/s
  ep5 step 600/9592 | mse 0.2637 (win 0.2626) | EV 0.523 (win 0.525) | lr 4.98e-05 | gn 0.22 | 325 img/s
  ep5 step 800/9592 | mse 0.2636 (win 0.2633) | EV 0.523 (win 0.523) | lr 4.94e-05 | gn 0.22 | 325 img/s
  ep5 step 1000/9592 | mse 0.2632 (win 0.2616) | EV 0.524 (win 0.527) | lr 4.90e-05 | gn 0.22 | 325 img/s
  ep5 step 1200/9592 | mse 0.2632 (win 0.2634) | EV 0.524 (win 0.523) | lr 4.86e-05 | gn 0.22 | 325 img/s
  ep5 step 1400/9592 | mse 0.2633 (win 0.2637) | EV 0.523 (win 0.523) | lr 4.81e-05 | gn 0.22 | 325 img/s
  ep5 step 1600/9592 | mse 0.2635 (win 0.2647) | EV 0.523 (win 0.521) | lr 4.77e-05 | gn 0.22 | 325 img/s
  ep5 step 1800/9592 | mse 0.2636 (win 0.2641) | EV 0.523 (win 0.522) | lr 4.73e-05 | gn 0.22 | 325 img/s
  ep5 step 2000/9592 | mse 0.2635 (win 0.2630) | EV 0.523 (win 0.524) | lr 4.69e-05 | gn 0.22 | 325 img/s
  ep5 step 2200/9592 | mse 0.2634 (win 0.2627) | EV 0.523 (win 0.525) | lr 4.65e-05 | gn 0.22 | 325 img/s
  ep5 step 2400/9592 | mse 0.2634 (win 0.2629) | EV 0.523 (win 0.524) | lr 4.61e-05 | gn 0.22 | 325 img/s
  ep5 step 2600/9592 | mse 0.2634 (win 0.2631) | EV 0.523 (win 0.524) | lr 4.57e-05 | gn 0.23 | 325 img/s
  ep5 step 2800/9592 | mse 0.2633 (win 0.2623) | EV 0.523 (win 0.525) | lr 4.52e-05 | gn 0.22 | 325 img/s
  ep5 step 3000/9592 | mse 0.2631 (win 0.2607) | EV 0.524 (win 0.528) | lr 4.48e-05 | gn 0.22 | 325 img/s
  ep5 step 3200/9592 | mse 0.2631 (win 0.2625) | EV 0.524 (win 0.525) | lr 4.44e-05 | gn 0.22 | 325 img/s
  ep5 step 3400/9592 | mse 0.2630 (win 0.2612) | EV 0.524 (win 0.527) | lr 4.40e-05 | gn 0.22 | 325 img/s
  ep5 step 3600/9592 | mse 0.2628 (win 0.2594) | EV 0.524 (win 0.531) | lr 4.36e-05 | gn 0.22 | 325 img/s
  ep5 step 3800/9592 | mse 0.2626 (win 0.2599) | EV 0.525 (win 0.530) | lr 4.32e-05 | gn 0.22 | 325 img/s
  ep5 step 4000/9592 | mse 0.2625 (win 0.2612) | EV 0.525 (win 0.527) | lr 4.28e-05 | gn 0.22 | 325 img/s
  ep5 step 4200/9592 | mse 0.2625 (win 0.2618) | EV 0.525 (win 0.526) | lr 4.24e-05 | gn 0.22 | 325 img/s
  ep5 step 4400/9592 | mse 0.2624 (win 0.2600) | EV 0.525 (win 0.529) | lr 4.19e-05 | gn 0.22 | 325 img/s
  ep5 step 4600/9592 | mse 0.2624 (win 0.2627) | EV 0.525 (win 0.525) | lr 4.15e-05 | gn 0.22 | 325 img/s
  ep5 step 4800/9592 | mse 0.2624 (win 0.2614) | EV 0.525 (win 0.527) | lr 4.11e-05 | gn 0.22 | 325 img/s
  ep5 step 5000/9592 | mse 0.2623 (win 0.2610) | EV 0.525 (win 0.528) | lr 4.07e-05 | gn 0.22 | 325 img/s
  ep5 step 5200/9592 | mse 0.2623 (win 0.2622) | EV 0.525 (win 0.525) | lr 4.03e-05 | gn 0.22 | 325 img/s
  ep5 step 5400/9592 | mse 0.2622 (win 0.2587) | EV 0.525 (win 0.532) | lr 3.99e-05 | gn 0.22 | 325 img/s
  ep5 step 5600/9592 | mse 0.2622 (win 0.2618) | EV 0.526 (win 0.526) | lr 3.95e-05 | gn 0.22 | 325 img/s
  ep5 step 5800/9592 | mse 0.2621 (win 0.2593) | EV 0.526 (win 0.531) | lr 3.91e-05 | gn 0.22 | 325 img/s
  ep5 step 6000/9592 | mse 0.2620 (win 0.2617) | EV 0.526 (win 0.526) | lr 3.87e-05 | gn 0.22 | 325 img/s
  ep5 step 6200/9592 | mse 0.2620 (win 0.2608) | EV 0.526 (win 0.528) | lr 3.83e-05 | gn 0.22 | 325 img/s
  ep5 step 6400/9592 | mse 0.2619 (win 0.2581) | EV 0.526 (win 0.533) | lr 3.79e-05 | gn 0.22 | 326 img/s
  ep5 step 6600/9592 | mse 0.2618 (win 0.2595) | EV 0.526 (win 0.530) | lr 3.75e-05 | gn 0.22 | 326 img/s
  ep5 step 6800/9592 | mse 0.2617 (win 0.2589) | EV 0.526 (win 0.531) | lr 3.71e-05 | gn 0.22 | 325 img/s
  ep5 step 7000/9592 | mse 0.2616 (win 0.2574) | EV 0.527 (win 0.534) | lr 3.67e-05 | gn 0.22 | 325 img/s
  ep5 step 7200/9592 | mse 0.2615 (win 0.2592) | EV 0.527 (win 0.531) | lr 3.63e-05 | gn 0.22 | 326 img/s
  ep5 step 7400/9592 | mse 0.2614 (win 0.2573) | EV 0.527 (win 0.534) | lr 3.59e-05 | gn 0.22 | 326 img/s
  ep5 step 7600/9592 | mse 0.2613 (win 0.2579) | EV 0.527 (win 0.533) | lr 3.55e-05 | gn 0.22 | 326 img/s
  ep5 step 7800/9592 | mse 0.2613 (win 0.2597) | EV 0.527 (win 0.530) | lr 3.51e-05 | gn 0.22 | 326 img/s
  ep5 step 8000/9592 | mse 0.2612 (win 0.2587) | EV 0.527 (win 0.532) | lr 3.47e-05 | gn 0.22 | 326 img/s
  ep5 step 8200/9592 | mse 0.2611 (win 0.2576) | EV 0.527 (win 0.534) | lr 3.43e-05 | gn 0.22 | 326 img/s
  ep5 step 8400/9592 | mse 0.2611 (win 0.2586) | EV 0.527 (win 0.532) | lr 3.39e-05 | gn 0.22 | 326 img/s
  ep5 step 8600/9592 | mse 0.2610 (win 0.2575) | EV 0.528 (win 0.534) | lr 3.35e-05 | gn 0.22 | 326 img/s
  ep5 step 8800/9592 | mse 0.2609 (win 0.2561) | EV 0.528 (win 0.536) | lr 3.31e-05 | gn 0.22 | 326 img/s
  ep5 step 9000/9592 | mse 0.2608 (win 0.2591) | EV 0.528 (win 0.531) | lr 3.27e-05 | gn 0.22 | 326 img/s
  ep5 step 9200/9592 | mse 0.2608 (win 0.2567) | EV 0.528 (win 0.535) | lr 3.23e-05 | gn 0.22 | 326 img/s
  ep5 step 9400/9592 | mse 0.2606 (win 0.2553) | EV 0.528 (win 0.538) | lr 3.20e-05 | gn 0.22 | 326 img/s
epoch   5/8 | train mse 0.26057 (EV 0.5284) | val mse 0.30987 (EV 0.4471) | 1886s | 326 img/s | GPU 14.1 GB
  val EV per lead: +15min 0.4303, +30min 0.4457, +45min 0.4490, +60min 0.4539
  ep6 step 200/9592 | mse 0.2524 (win 0.2524) | EV 0.543 (win 0.543) | lr 3.12e-05 | gn 0.20 | 324 img/s
  ep6 step 400/9592 | mse 0.2507 (win 0.2489) | EV 0.546 (win 0.549) | lr 3.08e-05 | gn 0.20 | 325 img/s
  ep6 step 600/9592 | mse 0.2508 (win 0.2509) | EV 0.546 (win 0.546) | lr 3.04e-05 | gn 0.20 | 325 img/s
  ep6 step 800/9592 | mse 0.2511 (win 0.2520) | EV 0.546 (win 0.544) | lr 3.01e-05 | gn 0.20 | 325 img/s
  ep6 step 1000/9592 | mse 0.2511 (win 0.2510) | EV 0.546 (win 0.546) | lr 2.97e-05 | gn 0.20 | 325 img/s
  ep6 step 1200/9592 | mse 0.2510 (win 0.2507) | EV 0.546 (win 0.546) | lr 2.93e-05 | gn 0.21 | 325 img/s
  ep6 step 1400/9592 | mse 0.2510 (win 0.2508) | EV 0.546 (win 0.546) | lr 2.89e-05 | gn 0.20 | 325 img/s
  ep6 step 1600/9592 | mse 0.2507 (win 0.2488) | EV 0.546 (win 0.550) | lr 2.85e-05 | gn 0.20 | 325 img/s
  ep6 step 1800/9592 | mse 0.2509 (win 0.2528) | EV 0.546 (win 0.542) | lr 2.82e-05 | gn 0.21 | 325 img/s
  ep6 step 2000/9592 | mse 0.2508 (win 0.2499) | EV 0.546 (win 0.548) | lr 2.78e-05 | gn 0.21 | 325 img/s
  ep6 step 2200/9592 | mse 0.2508 (win 0.2504) | EV 0.546 (win 0.547) | lr 2.74e-05 | gn 0.21 | 325 img/s
  ep6 step 2400/9592 | mse 0.2509 (win 0.2525) | EV 0.546 (win 0.543) | lr 2.71e-05 | gn 0.21 | 325 img/s
  ep6 step 2600/9592 | mse 0.2509 (win 0.2508) | EV 0.546 (win 0.546) | lr 2.67e-05 | gn 0.21 | 325 img/s
  ep6 step 2800/9592 | mse 0.2509 (win 0.2504) | EV 0.546 (win 0.547) | lr 2.63e-05 | gn 0.21 | 325 img/s
  ep6 step 3000/9592 | mse 0.2510 (win 0.2520) | EV 0.546 (win 0.544) | lr 2.60e-05 | gn 0.21 | 325 img/s
  ep6 step 3200/9592 | mse 0.2510 (win 0.2518) | EV 0.546 (win 0.544) | lr 2.56e-05 | gn 0.21 | 325 img/s
  ep6 step 3400/9592 | mse 0.2511 (win 0.2519) | EV 0.546 (win 0.544) | lr 2.52e-05 | gn 0.21 | 325 img/s
  ep6 step 3600/9592 | mse 0.2509 (win 0.2489) | EV 0.546 (win 0.550) | lr 2.49e-05 | gn 0.21 | 325 img/s
  ep6 step 3800/9592 | mse 0.2509 (win 0.2501) | EV 0.546 (win 0.547) | lr 2.45e-05 | gn 0.21 | 325 img/s
  ep6 step 4000/9592 | mse 0.2509 (win 0.2510) | EV 0.546 (win 0.546) | lr 2.42e-05 | gn 0.21 | 325 img/s
  ep6 step 4200/9592 | mse 0.2509 (win 0.2502) | EV 0.546 (win 0.547) | lr 2.38e-05 | gn 0.21 | 325 img/s
  ep6 step 4400/9592 | mse 0.2507 (win 0.2478) | EV 0.546 (win 0.552) | lr 2.35e-05 | gn 0.21 | 325 img/s
  ep6 step 4600/9592 | mse 0.2506 (win 0.2484) | EV 0.546 (win 0.550) | lr 2.31e-05 | gn 0.21 | 325 img/s
  ep6 step 4800/9592 | mse 0.2505 (win 0.2485) | EV 0.547 (win 0.550) | lr 2.28e-05 | gn 0.21 | 325 img/s
  ep6 step 5000/9592 | mse 0.2505 (win 0.2506) | EV 0.547 (win 0.546) | lr 2.24e-05 | gn 0.21 | 325 img/s
  ep6 step 5200/9592 | mse 0.2505 (win 0.2481) | EV 0.547 (win 0.551) | lr 2.21e-05 | gn 0.21 | 325 img/s
  ep6 step 5400/9592 | mse 0.2503 (win 0.2472) | EV 0.547 (win 0.553) | lr 2.17e-05 | gn 0.21 | 325 img/s
  ep6 step 5600/9592 | mse 0.2503 (win 0.2498) | EV 0.547 (win 0.548) | lr 2.14e-05 | gn 0.21 | 325 img/s
  ep6 step 5800/9592 | mse 0.2503 (win 0.2487) | EV 0.547 (win 0.550) | lr 2.10e-05 | gn 0.21 | 325 img/s
  ep6 step 6000/9592 | mse 0.2502 (win 0.2488) | EV 0.547 (win 0.550) | lr 2.07e-05 | gn 0.21 | 325 img/s
  ep6 step 6200/9592 | mse 0.2502 (win 0.2486) | EV 0.547 (win 0.550) | lr 2.04e-05 | gn 0.21 | 325 img/s
  ep6 step 6400/9592 | mse 0.2501 (win 0.2487) | EV 0.547 (win 0.550) | lr 2.00e-05 | gn 0.21 | 325 img/s
  ep6 step 6600/9592 | mse 0.2501 (win 0.2488) | EV 0.547 (win 0.550) | lr 1.97e-05 | gn 0.21 | 325 img/s
  ep6 step 6800/9592 | mse 0.2500 (win 0.2492) | EV 0.547 (win 0.549) | lr 1.94e-05 | gn 0.21 | 325 img/s
  ep6 step 7000/9592 | mse 0.2500 (win 0.2486) | EV 0.547 (win 0.550) | lr 1.91e-05 | gn 0.21 | 325 img/s
  ep6 step 7200/9592 | mse 0.2500 (win 0.2483) | EV 0.548 (win 0.551) | lr 1.87e-05 | gn 0.21 | 325 img/s
  ep6 step 7400/9592 | mse 0.2499 (win 0.2475) | EV 0.548 (win 0.552) | lr 1.84e-05 | gn 0.21 | 325 img/s
  ep6 step 7600/9592 | mse 0.2499 (win 0.2484) | EV 0.548 (win 0.550) | lr 1.81e-05 | gn 0.21 | 325 img/s
  ep6 step 7800/9592 | mse 0.2498 (win 0.2481) | EV 0.548 (win 0.551) | lr 1.78e-05 | gn 0.21 | 325 img/s
  ep6 step 8000/9592 | mse 0.2498 (win 0.2494) | EV 0.548 (win 0.549) | lr 1.74e-05 | gn 0.21 | 325 img/s
  ep6 step 8200/9592 | mse 0.2498 (win 0.2484) | EV 0.548 (win 0.550) | lr 1.71e-05 | gn 0.21 | 325 img/s
  ep6 step 8400/9592 | mse 0.2497 (win 0.2473) | EV 0.548 (win 0.552) | lr 1.68e-05 | gn 0.21 | 325 img/s
  ep6 step 8600/9592 | mse 0.2496 (win 0.2469) | EV 0.548 (win 0.553) | lr 1.65e-05 | gn 0.21 | 325 img/s
  ep6 step 8800/9592 | mse 0.2496 (win 0.2460) | EV 0.548 (win 0.555) | lr 1.62e-05 | gn 0.21 | 325 img/s
  ep6 step 9000/9592 | mse 0.2495 (win 0.2479) | EV 0.548 (win 0.551) | lr 1.59e-05 | gn 0.21 | 325 img/s
  ep6 step 9200/9592 | mse 0.2495 (win 0.2477) | EV 0.548 (win 0.552) | lr 1.56e-05 | gn 0.21 | 325 img/s
  ep6 step 9400/9592 | mse 0.2494 (win 0.2476) | EV 0.549 (win 0.552) | lr 1.53e-05 | gn 0.21 | 325 img/s
epoch   6/8 | train mse 0.24940 (EV 0.5486) | val mse 0.31486 (EV 0.4382) | 1886s | 325 img/s | GPU 14.1 GB
  val EV per lead: +15min 0.4282, +30min 0.4387, +45min 0.4383, +60min 0.4421
  decoded: MAE 0.176 (adv 0.238) | CSI@1 0.478 (adv 0.407) | CSI@8 0.027 (adv 0.059) | PSD 2-8km band power 0.08 (adv 1.12)
  ep7 step 200/9592 | mse 0.2419 (win 0.2419) | EV 0.562 (win 0.562) | lr 1.47e-05 | gn 0.19 | 324 img/s
  ep7 step 400/9592 | mse 0.2425 (win 0.2431) | EV 0.561 (win 0.560) | lr 1.44e-05 | gn 0.19 | 325 img/s
  ep7 step 600/9592 | mse 0.2422 (win 0.2414) | EV 0.562 (win 0.563) | lr 1.41e-05 | gn 0.19 | 325 img/s
  ep7 step 800/9592 | mse 0.2419 (win 0.2411) | EV 0.562 (win 0.564) | lr 1.38e-05 | gn 0.19 | 325 img/s
  ep7 step 1000/9592 | mse 0.2419 (win 0.2418) | EV 0.562 (win 0.562) | lr 1.36e-05 | gn 0.19 | 325 img/s
  ep7 step 1200/9592 | mse 0.2421 (win 0.2433) | EV 0.562 (win 0.560) | lr 1.33e-05 | gn 0.19 | 325 img/s
  ep7 step 1400/9592 | mse 0.2422 (win 0.2428) | EV 0.562 (win 0.560) | lr 1.30e-05 | gn 0.19 | 325 img/s
  ep7 step 1600/9592 | mse 0.2424 (win 0.2438) | EV 0.561 (win 0.559) | lr 1.27e-05 | gn 0.19 | 325 img/s
  ep7 step 1800/9592 | mse 0.2425 (win 0.2428) | EV 0.561 (win 0.561) | lr 1.24e-05 | gn 0.19 | 325 img/s
  ep7 step 2000/9592 | mse 0.2423 (win 0.2413) | EV 0.561 (win 0.563) | lr 1.22e-05 | gn 0.19 | 325 img/s
  ep7 step 2200/9592 | mse 0.2425 (win 0.2440) | EV 0.561 (win 0.558) | lr 1.19e-05 | gn 0.19 | 325 img/s
  ep7 step 2400/9592 | mse 0.2425 (win 0.2426) | EV 0.561 (win 0.561) | lr 1.16e-05 | gn 0.19 | 325 img/s
  ep7 step 2600/9592 | mse 0.2424 (win 0.2413) | EV 0.561 (win 0.563) | lr 1.14e-05 | gn 0.19 | 325 img/s
  ep7 step 2800/9592 | mse 0.2424 (win 0.2419) | EV 0.561 (win 0.562) | lr 1.11e-05 | gn 0.19 | 325 img/s
  ep7 step 3000/9592 | mse 0.2423 (win 0.2413) | EV 0.561 (win 0.563) | lr 1.09e-05 | gn 0.19 | 325 img/s
  ep7 step 3200/9592 | mse 0.2423 (win 0.2425) | EV 0.561 (win 0.561) | lr 1.06e-05 | gn 0.19 | 325 img/s
  ep7 step 3400/9592 | mse 0.2423 (win 0.2414) | EV 0.562 (win 0.563) | lr 1.03e-05 | gn 0.19 | 325 img/s
  ep7 step 3600/9592 | mse 0.2422 (win 0.2411) | EV 0.562 (win 0.564) | lr 1.01e-05 | gn 0.19 | 325 img/s
  ep7 step 3800/9592 | mse 0.2421 (win 0.2407) | EV 0.562 (win 0.564) | lr 9.84e-06 | gn 0.19 | 325 img/s
  ep7 step 4000/9592 | mse 0.2421 (win 0.2423) | EV 0.562 (win 0.561) | lr 9.60e-06 | gn 0.19 | 325 img/s
  ep7 step 4200/9592 | mse 0.2422 (win 0.2429) | EV 0.562 (win 0.560) | lr 9.35e-06 | gn 0.19 | 325 img/s
  ep7 step 4400/9592 | mse 0.2422 (win 0.2430) | EV 0.562 (win 0.560) | lr 9.11e-06 | gn 0.19 | 325 img/s
  ep7 step 4600/9592 | mse 0.2422 (win 0.2425) | EV 0.562 (win 0.561) | lr 8.87e-06 | gn 0.19 | 325 img/s
  ep7 step 4800/9592 | mse 0.2422 (win 0.2417) | EV 0.562 (win 0.563) | lr 8.64e-06 | gn 0.19 | 325 img/s
  ep7 step 5000/9592 | mse 0.2421 (win 0.2412) | EV 0.562 (win 0.563) | lr 8.41e-06 | gn 0.19 | 325 img/s
  ep7 step 5200/9592 | mse 0.2422 (win 0.2426) | EV 0.562 (win 0.561) | lr 8.18e-06 | gn 0.19 | 325 img/s
  ep7 step 5400/9592 | mse 0.2421 (win 0.2398) | EV 0.562 (win 0.566) | lr 7.95e-06 | gn 0.19 | 325 img/s
  ep7 step 5600/9592 | mse 0.2420 (win 0.2393) | EV 0.562 (win 0.567) | lr 7.73e-06 | gn 0.19 | 325 img/s
  ep7 step 5800/9592 | mse 0.2419 (win 0.2406) | EV 0.562 (win 0.565) | lr 7.51e-06 | gn 0.19 | 325 img/s
  ep7 step 6000/9592 | mse 0.2419 (win 0.2414) | EV 0.562 (win 0.563) | lr 7.29e-06 | gn 0.19 | 325 img/s
  ep7 step 6200/9592 | mse 0.2418 (win 0.2380) | EV 0.562 (win 0.569) | lr 7.08e-06 | gn 0.19 | 325 img/s
  ep7 step 6400/9592 | mse 0.2417 (win 0.2403) | EV 0.562 (win 0.565) | lr 6.87e-06 | gn 0.19 | 325 img/s
  ep7 step 6600/9592 | mse 0.2418 (win 0.2426) | EV 0.562 (win 0.561) | lr 6.66e-06 | gn 0.19 | 325 img/s
  ep7 step 6800/9592 | mse 0.2418 (win 0.2414) | EV 0.562 (win 0.563) | lr 6.45e-06 | gn 0.19 | 325 img/s
  ep7 step 7000/9592 | mse 0.2417 (win 0.2394) | EV 0.563 (win 0.567) | lr 6.25e-06 | gn 0.19 | 325 img/s
  ep7 step 7200/9592 | mse 0.2417 (win 0.2413) | EV 0.563 (win 0.563) | lr 6.05e-06 | gn 0.19 | 325 img/s
  ep7 step 7400/9592 | mse 0.2417 (win 0.2413) | EV 0.563 (win 0.563) | lr 5.86e-06 | gn 0.19 | 325 img/s
  ep7 step 7600/9592 | mse 0.2416 (win 0.2400) | EV 0.563 (win 0.566) | lr 5.66e-06 | gn 0.19 | 325 img/s
  ep7 step 7800/9592 | mse 0.2416 (win 0.2422) | EV 0.563 (win 0.562) | lr 5.47e-06 | gn 0.19 | 325 img/s
  ep7 step 8000/9592 | mse 0.2417 (win 0.2434) | EV 0.563 (win 0.559) | lr 5.29e-06 | gn 0.19 | 325 img/s
  ep7 step 8200/9592 | mse 0.2416 (win 0.2390) | EV 0.563 (win 0.567) | lr 5.10e-06 | gn 0.19 | 325 img/s
  ep7 step 8400/9592 | mse 0.2416 (win 0.2410) | EV 0.563 (win 0.564) | lr 4.92e-06 | gn 0.19 | 325 img/s
  ep7 step 8600/9592 | mse 0.2416 (win 0.2405) | EV 0.563 (win 0.565) | lr 4.74e-06 | gn 0.19 | 325 img/s
  ep7 step 8800/9592 | mse 0.2416 (win 0.2415) | EV 0.563 (win 0.563) | lr 4.57e-06 | gn 0.19 | 325 img/s
  ep7 step 9000/9592 | mse 0.2416 (win 0.2410) | EV 0.563 (win 0.564) | lr 4.40e-06 | gn 0.19 | 325 img/s
  ep7 step 9200/9592 | mse 0.2416 (win 0.2415) | EV 0.563 (win 0.563) | lr 4.23e-06 | gn 0.19 | 325 img/s
  ep7 step 9400/9592 | mse 0.2415 (win 0.2387) | EV 0.563 (win 0.568) | lr 4.06e-06 | gn 0.19 | 325 img/s
epoch   7/8 | train mse 0.24142 (EV 0.5630) | val mse 0.31871 (EV 0.4313) | 1886s | 326 img/s | GPU 14.1 GB
  val EV per lead: +15min 0.4261, +30min 0.4332, +45min 0.4303, +60min 0.4332
  ep8 step 200/9592 | mse 0.2383 (win 0.2383) | EV 0.569 (win 0.569) | lr 3.75e-06 | gn 0.18 | 324 img/s
  ep8 step 400/9592 | mse 0.2372 (win 0.2361) | EV 0.571 (win 0.573) | lr 3.59e-06 | gn 0.18 | 325 img/s
  ep8 step 600/9592 | mse 0.2376 (win 0.2385) | EV 0.570 (win 0.568) | lr 3.44e-06 | gn 0.18 | 325 img/s
  ep8 step 800/9592 | mse 0.2379 (win 0.2387) | EV 0.569 (win 0.568) | lr 3.29e-06 | gn 0.18 | 325 img/s
  ep8 step 1000/9592 | mse 0.2377 (win 0.2370) | EV 0.570 (win 0.571) | lr 3.14e-06 | gn 0.18 | 325 img/s
  ep8 step 1200/9592 | mse 0.2376 (win 0.2371) | EV 0.570 (win 0.571) | lr 3.00e-06 | gn 0.18 | 325 img/s
  ep8 step 1400/9592 | mse 0.2377 (win 0.2380) | EV 0.570 (win 0.569) | lr 2.86e-06 | gn 0.18 | 325 img/s
  ep8 step 1600/9592 | mse 0.2375 (win 0.2361) | EV 0.570 (win 0.573) | lr 2.72e-06 | gn 0.18 | 325 img/s
  ep8 step 1800/9592 | mse 0.2375 (win 0.2381) | EV 0.570 (win 0.569) | lr 2.59e-06 | gn 0.18 | 325 img/s
  ep8 step 2000/9592 | mse 0.2377 (win 0.2388) | EV 0.570 (win 0.568) | lr 2.46e-06 | gn 0.18 | 325 img/s
  ep8 step 2200/9592 | mse 0.2377 (win 0.2381) | EV 0.570 (win 0.569) | lr 2.33e-06 | gn 0.18 | 325 img/s
  ep8 step 2400/9592 | mse 0.2376 (win 0.2361) | EV 0.570 (win 0.573) | lr 2.21e-06 | gn 0.18 | 325 img/s
  ep8 step 2600/9592 | mse 0.2375 (win 0.2371) | EV 0.570 (win 0.571) | lr 2.09e-06 | gn 0.18 | 325 img/s
  ep8 step 2800/9592 | mse 0.2375 (win 0.2369) | EV 0.570 (win 0.571) | lr 1.97e-06 | gn 0.18 | 325 img/s
  ep8 step 3000/9592 | mse 0.2375 (win 0.2377) | EV 0.570 (win 0.570) | lr 1.86e-06 | gn 0.18 | 325 img/s
  ep8 step 3200/9592 | mse 0.2375 (win 0.2375) | EV 0.570 (win 0.570) | lr 1.75e-06 | gn 0.18 | 325 img/s
  ep8 step 3400/9592 | mse 0.2375 (win 0.2380) | EV 0.570 (win 0.569) | lr 1.64e-06 | gn 0.18 | 325 img/s
  ep8 step 3600/9592 | mse 0.2375 (win 0.2364) | EV 0.570 (win 0.572) | lr 1.54e-06 | gn 0.18 | 325 img/s
  ep8 step 3800/9592 | mse 0.2374 (win 0.2369) | EV 0.570 (win 0.571) | lr 1.44e-06 | gn 0.18 | 325 img/s
  ep8 step 4000/9592 | mse 0.2374 (win 0.2368) | EV 0.570 (win 0.571) | lr 1.34e-06 | gn 0.18 | 325 img/s
  ep8 step 4200/9592 | mse 0.2374 (win 0.2379) | EV 0.570 (win 0.569) | lr 1.25e-06 | gn 0.18 | 325 img/s
  ep8 step 4400/9592 | mse 0.2374 (win 0.2379) | EV 0.570 (win 0.569) | lr 1.16e-06 | gn 0.18 | 325 img/s
  ep8 step 4600/9592 | mse 0.2375 (win 0.2389) | EV 0.570 (win 0.568) | lr 1.07e-06 | gn 0.18 | 325 img/s
  ep8 step 4800/9592 | mse 0.2375 (win 0.2363) | EV 0.570 (win 0.572) | lr 9.85e-07 | gn 0.18 | 325 img/s
  ep8 step 5000/9592 | mse 0.2374 (win 0.2360) | EV 0.570 (win 0.573) | lr 9.05e-07 | gn 0.18 | 325 img/s
  ep8 step 5200/9592 | mse 0.2374 (win 0.2372) | EV 0.570 (win 0.571) | lr 8.28e-07 | gn 0.18 | 325 img/s
  ep8 step 5400/9592 | mse 0.2374 (win 0.2384) | EV 0.570 (win 0.569) | lr 7.54e-07 | gn 0.18 | 325 img/s
  ep8 step 5600/9592 | mse 0.2375 (win 0.2386) | EV 0.570 (win 0.568) | lr 6.84e-07 | gn 0.18 | 325 img/s
  ep8 step 5800/9592 | mse 0.2374 (win 0.2361) | EV 0.570 (win 0.573) | lr 6.18e-07 | gn 0.18 | 325 img/s
  ep8 step 6000/9592 | mse 0.2374 (win 0.2371) | EV 0.570 (win 0.571) | lr 5.54e-07 | gn 0.18 | 325 img/s
  ep8 step 6200/9592 | mse 0.2374 (win 0.2373) | EV 0.570 (win 0.571) | lr 4.94e-07 | gn 0.18 | 325 img/s
  ep8 step 6400/9592 | mse 0.2374 (win 0.2379) | EV 0.570 (win 0.569) | lr 4.38e-07 | gn 0.18 | 326 img/s
  ep8 step 6600/9592 | mse 0.2374 (win 0.2357) | EV 0.570 (win 0.573) | lr 3.85e-07 | gn 0.18 | 326 img/s
  ep8 step 6800/9592 | mse 0.2373 (win 0.2365) | EV 0.570 (win 0.572) | lr 3.35e-07 | gn 0.18 | 326 img/s
  ep8 step 7000/9592 | mse 0.2373 (win 0.2369) | EV 0.570 (win 0.571) | lr 2.89e-07 | gn 0.18 | 326 img/s
  ep8 step 7200/9592 | mse 0.2374 (win 0.2386) | EV 0.570 (win 0.568) | lr 2.46e-07 | gn 0.18 | 326 img/s
  ep8 step 7400/9592 | mse 0.2374 (win 0.2392) | EV 0.570 (win 0.567) | lr 2.07e-07 | gn 0.18 | 326 img/s
  ep8 step 7600/9592 | mse 0.2374 (win 0.2375) | EV 0.570 (win 0.570) | lr 1.71e-07 | gn 0.18 | 326 img/s
  ep8 step 7800/9592 | mse 0.2374 (win 0.2374) | EV 0.570 (win 0.570) | lr 1.38e-07 | gn 0.18 | 326 img/s
  ep8 step 8000/9592 | mse 0.2374 (win 0.2384) | EV 0.570 (win 0.568) | lr 1.09e-07 | gn 0.18 | 326 img/s
  ep8 step 8200/9592 | mse 0.2374 (win 0.2356) | EV 0.570 (win 0.574) | lr 8.34e-08 | gn 0.18 | 326 img/s
  ep8 step 8400/9592 | mse 0.2374 (win 0.2382) | EV 0.570 (win 0.569) | lr 6.12e-08 | gn 0.18 | 326 img/s
  ep8 step 8600/9592 | mse 0.2374 (win 0.2382) | EV 0.570 (win 0.569) | lr 4.24e-08 | gn 0.18 | 326 img/s
  ep8 step 8800/9592 | mse 0.2374 (win 0.2369) | EV 0.570 (win 0.571) | lr 2.70e-08 | gn 0.18 | 326 img/s
  ep8 step 9000/9592 | mse 0.2374 (win 0.2355) | EV 0.570 (win 0.574) | lr 1.51e-08 | gn 0.18 | 326 img/s
  ep8 step 9200/9592 | mse 0.2374 (win 0.2395) | EV 0.570 (win 0.566) | lr 6.64e-09 | gn 0.18 | 326 img/s
  ep8 step 9400/9592 | mse 0.2374 (win 0.2375) | EV 0.570 (win 0.570) | lr 1.60e-09 | gn 0.18 | 326 img/s
epoch   8/8 | train mse 0.23744 (EV 0.5702) | val mse 0.32088 (EV 0.4274) | 1886s | 326 img/s | GPU 14.1 GB
  val EV per lead: +15min 0.4250, +30min 0.4303, +45min 0.4257, +60min 0.4280
  decoded: MAE 0.177 (adv 0.238) | CSI@1 0.478 (adv 0.407) | CSI@8 0.026 (adv 0.059) | PSD 2-8km band power 0.07 (adv 1.12)

GATE-C (PASS): pooled val EV 0.4610 against threshold 0.10. sigma_data would fall 0.7407 -> 0.5438 (26.6%).

completed: total 260.6 min | best val MSE 0.30206 (ep2) | DONE written -> the sbatch chain will stop
